[www.adrianalima.com/index.html]
[backblue.gif]
[fade.gif]
[index.html]
[www.adrianalima.com/css/style.css]
[fast.fonts.com/jsapi/ea4c9bcc-daaa-4774-b4f7-da3841b248a6.js]
[ajax.googleapis.com/ajax/libs/jquery/1.7.1/jquery.min.js]
[www.adrianalima.com/js/jquery.easing.min.js]
[www.adrianalima.com/js/jquery.touchSwipe-1.2.4.js]
[www.adrianalima.com/js/scroller.js]
[www.adrianalima.com/js/jquery.fittext.js]
[www.adrianalima.com/js/scripts.js]
[www.adrianalima.com/js/jquery.thumbslide.js]
[www.adrianalima.com/img/twitter.png]
[www.adrianalima.com/img/facebook.png]
[www.adrianalima.com/img/youtube.png]
[www.adrianalima.com/img/instagram.png]
[www.adrianalima.com/slides/1.jpg]
[www.adrianalima.com/slides/2.jpg]
[www.adrianalima.com/slides/3.jpg]
[www.adrianalima.com/slides/4.jpg]
[www.adrianalima.com/slides/5.jpg]
[www.adrianalima.com/slides/6.jpg]
[www.adrianalima.com/slides/7.jpg]
[www.adrianalima.com/slides/8.jpg]
[www.adrianalima.com/slides/9.jpg]
[www.adrianalima.com/slides/10.jpg]
[www.adrianalima.com/slides/11.jpg]
[www.adrianalima.com/slides/12.jpg]
[www.adrianalima.com/slides/13.jpg]
[www.adrianalima.com/slides/14.jpg]
[www.adrianalima.com/slides/15.jpg]
[www.adrianalima.com/slides/16.jpg]
[www.adrianalima.com/slides/17.jpg]
[www.adrianalima.com/slides/18.jpg]
[www.adrianalima.com/slides/19.jpg]
[www.adrianalima.com/slides/20.jpg]
[www.adrianalima.com/thumbs/1.jpg]
[img.youtube.com/vi/G6zec9kn7Ws/0.jpg]
[www.adrianalima.com/img/PlayIcon.png]
[www.adrianalima.com/thumbs/2.jpg]
[www.adrianalima.com/thumbs/3.jpg]
[www.adrianalima.com/thumbs/4.jpg]
[www.adrianalima.com/thumbs/5.jpg]
[www.adrianalima.com/thumbs/6.jpg]
[www.adrianalima.com/thumbs/7.jpg]
[www.adrianalima.com/thumbs/8.jpg]
[www.adrianalima.com/thumbs/9.jpg]
[www.adrianalima.com/thumbs/10.jpg]
[www.adrianalima.com/thumbs/11.jpg]
[www.adrianalima.com/thumbs/12.jpg]
[www.adrianalima.com/thumbs/13.jpg]
[www.adrianalima.com/thumbs/14.jpg]
[www.adrianalima.com/thumbs/15.jpg]
[www.adrianalima.com/thumbs/16.jpg]
[www.adrianalima.com/thumbs/17.jpg]
[www.adrianalima.com/thumbs/18.jpg]
[www.adrianalima.com/thumbs/19.jpg]
[www.adrianalima.com/thumbs/20.jpg]
[www.adrianalima.com/index.html]
[www.adrianalima.com/css/reset.css]
[www.adrianalima.com/img/back.png]
[www.adrianalima.com/img/forward.png]
[www.adrianalima.com/img/back_small.png]
[www.adrianalima.com/img/forward_small.png]
[www.adrianalima.com/css/style.css]
[www.adrianalima.com/css/reset.css]
